// Jest Snapshot v1, https://goo.gl/fbAQLP

exports[`Pruebas en <GifGrid/> debe mostrar el componente corretamente 1`] = `
<Fragment>
  <h3
    className="animate__animated animate__fadeIn"
  >
    One punch
  </h3>
  <p
    className="animate__animated animate__flash"
  >
    Loading...
  </p>
  <div
    className="card-grid"
  >
    <ol />
  </div>
</Fragment>
`;
